main.c:67:6:delay	16	static
main.c:73:6:HAL_TIM_PeriodElapsedCallback	16	static
main.c:105:9:cal_dis	16	static
main.c:114:6:Trig_Ultrasonic_1	16	static
main.c:136:6:Trig_Ultrasonic_2	16	static
main.c:159:6:HAL_TIM_IC_CaptureCallback	16	static
main.c:169:6:HCSR04_Read	8	static
main.c:180:6:HAL_UART_RxCpltCallback	16	static
main.c:196:5:main	8	static
main.c:283:6:SystemClock_Config	88	static
main.c:327:13:MX_TIM1_Init	32	static
main.c:376:13:MX_TIM2_Init	32	static
main.c:424:13:MX_TIM3_Init	48	static
main.c:473:13:MX_USART1_UART_Init	8	static
main.c:506:13:MX_USART2_UART_Init	8	static
main.c:539:13:MX_GPIO_Init	48	static
main.c:589:6:Error_Handler	4	static,ignoring_inline_asm
